// Jest Snapshot v1, https://goo.gl/fbAQLP

exports[`App matches snapshot 1`] = `
<DocumentFragment>
  <div
    class="app"
  >
    <img
      alt="nasa logo"
      class="nasa-logo"
      src="https://upload.wikimedia.org/wikipedia/commons/a/a3/NASA_Worm_logo.svg"
    />
    <form
      class="search-form"
      name="search-form"
    >
      <input
        class="search-form__input"
        placeholder="enter your search"
        type="text"
        value=""
      />
      <button
        class="search-form__button"
        type="submit"
      >
        Go!
      </button>
    </form>
    <div
      class="search-results"
      data-testid="search-results"
    >
      <p>
        Search Results
      </p>
    </div>
  </div>
</DocumentFragment>
`;
