// Jest Snapshot v1, https://goo.gl/fbAQLP

exports[`App matches snapshot 1`] = `
<DocumentFragment>
  <div
    class="app"
  >
    <img
      alt="nasa logo"
      class="nasa-logo"
      src="https://upload.wikimedia.org/wikipedia/commons/a/a3/NASA_Worm_logo.svg"
    />
    <input
      class="search-input"
      placeholder="enter your search"
      type="text"
    />
  </div>
</DocumentFragment>
`;
